[INFO] Scanning for projects...
[INFO] 
[INFO] --------------------------< com.example:demo >--------------------------
[INFO] Building security 0.0.1-SNAPSHOT
[INFO]   from pom.xml
[INFO] --------------------------------[ jar ]---------------------------------
[INFO] 
[INFO] --- resources:3.3.1:resources (default-resources) @ demo ---
[INFO] Copying 1 resource from src\main\resources to target\classes
[INFO] Copying 20 resources from src\main\resources to target\classes
[INFO] 
[INFO] --- compiler:3.14.1:compile (default-compile) @ demo ---
[INFO] Recompiling the module because of changed source code.
[INFO] Compiling 64 source files with javac [debug parameters release 21] to target\classes
[INFO] -------------------------------------------------------------
[ERROR] COMPILATION ERROR : 
[INFO] -------------------------------------------------------------
[ERROR] /C:/Users/Oumaima/Desktop/PFE/demoa/demo/src/main/java/com/example/demo/client/entity/ClientMorale.java:[11,2] cannot find symbol
  symbol: class DiscriminatorValue
[ERROR] /C:/Users/Oumaima/Desktop/PFE/demoa/demo/src/main/java/com/example/demo/client/entity/ClientPhysique.java:[12,2] cannot find symbol
  symbol: class DiscriminatorValue
[INFO] 2 errors 
[INFO] -------------------------------------------------------------
[INFO] ------------------------------------------------------------------------
[INFO] BUILD FAILURE
[INFO] ------------------------------------------------------------------------
[INFO] Total time:  4.530 s
[INFO] Finished at: 2026-02-10T00:30:17+01:00
[INFO] ------------------------------------------------------------------------
[ERROR] Failed to execute goal org.apache.maven.plugins:maven-compiler-plugin:3.14.1:compile (default-compile) on project demo: Compilation failure: Compilation failure: 
[ERROR] /C:/Users/Oumaima/Desktop/PFE/demoa/demo/src/main/java/com/example/demo/client/entity/ClientMorale.java:[11,2] cannot find symbol
[ERROR]   symbol: class DiscriminatorValue
[ERROR] /C:/Users/Oumaima/Desktop/PFE/demoa/demo/src/main/java/com/example/demo/client/entity/ClientPhysique.java:[12,2] cannot find symbol
[ERROR]   symbol: class DiscriminatorValue
[ERROR] -> [Help 1]
[ERROR] 
[ERROR] To see the full stack trace of the errors, re-run Maven with the -e switch.
[ERROR] Re-run Maven using the -X switch to enable full debug logging.
[ERROR] 
[ERROR] For more information about the errors and possible solutions, please read the following articles:
[ERROR] [Help 1] http://cwiki.apache.org/confluence/display/MAVEN/MojoFailureException
